// Jest Snapshot v1, https://goo.gl/fbAQLP

exports[`getProductList Saga should call the getProductListFailure action if the response errors 1`] = `
Object {
  "@@redux-saga/IO": true,
  "combinator": false,
  "payload": Object {
    "args": Array [
      "https://mobile-tha-server-8ba57.firebaseapp.com/walmartproducts/1/8",
    ],
    "context": null,
    "fn": [Function],
  },
  "type": "CALL",
}
`;

exports[`getProductList Saga should dispatch the getProductListSuccess action if the response is received successfully 1`] = `
Object {
  "@@redux-saga/IO": true,
  "combinator": false,
  "payload": Object {
    "args": Array [
      "https://mobile-tha-server-8ba57.firebaseapp.com/walmartproducts/1/8",
    ],
    "context": null,
    "fn": [Function],
  },
  "type": "CALL",
}
`;
